../Core/Src/main.c:96:6:wait	24	static
../Core/Src/main.c:102:6:turnAllOff	8	static
../Core/Src/main.c:109:6:turnSpecificLightOn	16	static
../Core/Src/main.c:115:6:blinkSpecificLight	32	static
../Core/Src/main.c:125:13:blink	16	static
../Core/Src/main.c:130:5:check_starts_with	24	static
../Core/Src/main.c:139:7:concat	32	static
../Core/Src/main.c:147:6:next_ptr	24	static
../Core/Src/main.c:155:6:write_char_to_buff	16	static
../Core/Src/main.c:160:6:write_line	152	static
../Core/Src/main.c:172:6:write_command_not_found	8	static
../Core/Src/main.c:176:5:is_number	24	static
../Core/Src/main.c:184:6:process_symbol	160	static
../Core/Src/main.c:261:5:main	8	static
../Core/Src/main.c:380:6:SystemClock_Config	88	static
../Core/Src/main.c:408:6:HAL_UART_RxCpltCallback	16	static
../Core/Src/main.c:421:6:HAL_UART_TxCpltCallback	16	static
../Core/Src/main.c:433:6:Error_Handler	4	static,ignoring_inline_asm
