#-----------------------------------------------------------
# Vivado v2019.1 (64-bit)
# SW Build 2552052 on Fri May 24 14:49:42 MDT 2019
# IP Build 2548770 on Fri May 24 18:01:18 MDT 2019
# Start of session at: Tue Nov 12 14:48:02 2024
# Process ID: 3804
# Current directory: C:/Users/Kuchizu/Desktop/Vivado/project_1
# Command line: vivado.exe -gui_launcher_event rodinguilauncherevent5368 C:\Users\Kuchizu\Desktop\Vivado\project_1\project_1.xpr
# Log file: C:/Users/Kuchizu/Desktop/Vivado/project_1/vivado.log
# Journal file: C:/Users/Kuchizu/Desktop/Vivado/project_1\vivado.jou
#-----------------------------------------------------------
start_gui
open_project C:/Users/Kuchizu/Desktop/Vivado/project_1/project_1.xpr
update_compile_order -fileset sources_1
close_project
create_project project_2 C:/Users/Kuchizu/Desktop/Vivado/project_2 -part xc7vx485tffg1157-1
close_project
create_project project_2 C:/Users/Kuchizu/Desktop/Vivado/project_2 -part xc7a100tcsg324-1
file mkdir C:/Users/Kuchizu/Desktop/Vivado/project_2/project_2.srcs/sources_1/new
close [ open C:/Users/Kuchizu/Desktop/Vivado/project_2/project_2.srcs/sources_1/new/Lab-2.v w ]
add_files C:/Users/Kuchizu/Desktop/Vivado/project_2/project_2.srcs/sources_1/new/Lab-2.v
update_compile_order -fileset sources_1
