../Core/Src/mainold.c:139:7:get_note_frequency	32	static
../Core/Src/mainold.c:154:6:uart_send_string	16	static
../Core/Src/mainold.c:159:6:play_note	24	static
../Core/Src/mainold.c:175:6:stop_note	4	static
../Core/Src/mainold.c:182:6:HAL_UART_RxCpltCallback	24	static
../Core/Src/mainold.c:221:6:HAL_TIM_PeriodElapsedCallback	16	static
../Core/Src/mainold.c:237:6:handle_note_command	168	static
../Core/Src/mainold.c:253:6:handle_octave_change	160	static
../Core/Src/mainold.c:276:6:handle_duration_change	160	static
../Core/Src/mainold.c:299:6:play_all_notes_in_octave	152	static
../Core/Src/mainold.c:312:6:handle_unknown_command	80	static
../Core/Src/mainold.c:324:5:main	264	static
../Core/Src/mainold.c:434:6:SystemClock_Config	88	static
../Core/Src/mainold.c:483:13:MX_I2C1_Init	8	static
../Core/Src/mainold.c:529:13:MX_TIM1_Init	96	static
../Core/Src/mainold.c:604:13:MX_TIM6_Init	16	static
../Core/Src/mainold.c:642:13:MX_USART6_UART_Init	8	static
../Core/Src/mainold.c:675:13:MX_GPIO_Init	48	static
../Core/Src/mainold.c:712:6:Error_Handler	4	static
