../Core/Src/main.c:133:13:uart_send_string	16	static
../Core/Src/main.c:138:14:get_note_frequency	32	static
../Core/Src/main.c:146:13:play_note	24	static
../Core/Src/main.c:164:13:stop_note	4	static
../Core/Src/main.c:170:13:set_green_led	16	static
../Core/Src/main.c:174:13:set_yellow_led	16	static
../Core/Src/main.c:178:13:set_red_led	16	static
../Core/Src/main.c:183:13:is_btn_press	8	static
../Core/Src/main.c:188:12:get_pressed_btn_index	96	static
../Core/Src/main.c:261:13:key2char	16	static
../Core/Src/main.c:267:13:handle_note_command	168	static
../Core/Src/main.c:283:13:handle_octave_change	160	static
../Core/Src/main.c:306:13:handle_duration_change	160	static
../Core/Src/main.c:329:13:request_play_all_notes	152	static
../Core/Src/main.c:340:6:HAL_TIM_PeriodElapsedCallback	16	static
../Core/Src/main.c:354:5:main	288	static
../Core/Src/main.c:496:6:SystemClock_Config	88	static
../Core/Src/main.c:545:6:MX_I2C1_Init	8	static
../Core/Src/main.c:591:6:MX_TIM1_Init	96	static
../Core/Src/main.c:666:6:MX_TIM6_Init	16	static
../Core/Src/main.c:704:6:MX_USART6_UART_Init	8	static
../Core/Src/main.c:737:6:MX_GPIO_Init	48	static
../Core/Src/main.c:770:6:Error_Handler	4	static
