     VMA      LMA     Size Align Out     In      Symbol
       0        0 80200000     1 . = 0x80200000
80200000 80200000      127     1 .rodata.str1.1
80200000 80200000      127     1         <internal>:(.rodata.str1.1)
80200128 80200128      6d8     4 .text
80200128 80200128        e     2         /tmp/kernel-3d0a9c.o:(.text.boot)
80200128 80200128        0     1                 
80200128 80200128        0     1                 
80200128 80200128        0     1                 
80200128 80200128        0     1                 
80200128 80200128        e     1                 boot
80200136 80200136        0     1                 
80200136 80200136        0     1                 
80200138 80200138      4c6     4         /tmp/kernel-3d0a9c.o:(.text)
80200138 80200138        0     1                 
80200138 80200138        0     1                 
80200138 80200138        0     1                 
80200138 80200138        0     1                 
80200138 80200138        6     1                 sbi_call
8020013c 8020013c        0     1                 
8020013e 8020013e        0     1                 
8020013e 8020013e        0     1                 
8020013e 8020013e        0     1                 
8020013e 8020013e        0     1                 
8020013e 8020013e        0     1                 
8020013e 8020013e        0     1                 
8020013e 8020013e       14     1                 putchar
80200150 80200150        0     1                 
80200150 80200150        0     1                 
80200152 80200152        0     1                 
80200152 80200152        0     1                 
80200152 80200152        0     1                 
80200152 80200152        0     1                 
80200152 80200152        0     1                 
80200152 80200152        0     1                 
80200152 80200152       16     1                 getchar
80200166 80200166        0     1                 
80200166 80200166        0     1                 
80200168 80200168        0     1                 
80200168 80200168        0     1                 
80200168 80200168        0     1                 
80200168 80200168        0     1                 
80200168 80200168        0     1                 
80200168 80200168        0     1                 
80200168 80200168       2a     1                 puts
8020016c 8020016c        0     1                 
8020017e 8020017e        0     1                 
8020017e 8020017e        0     1                 
80200182 80200182        0     1                 
80200182 80200182        0     1                 
80200188 80200188        0     1                 
80200188 80200188        0     1                 
8020018c 8020018c        0     1                 
80200190 80200190        0     1                 
80200192 80200192        0     1                 
80200192 80200192        0     1                 
80200192 80200192        0     1                 
80200192 80200192        0     1                 
80200192 80200192        0     1                 
80200192 80200192      46c     1                 kernel_main
80200194 80200194        0     1                 
80200194 80200194        0     1                 
80200194 80200194        0     1                 
802001ae 802001ae        0     1                 
802001ae 802001ae        0     1                 
802002cc 802002cc        0     1                 
802002cc 802002cc        0     1                 
802002e0 802002e0        0     1                 
802002e0 802002e0        0     1                 
802002f0 802002f0        0     1                 
802002f0 802002f0        0     1                 
80200300 80200300        0     1                 
80200300 80200300        0     1                 
80200310 80200310        0     1                 
80200310 80200310        0     1                 
80200320 80200320        0     1                 
80200320 80200320        0     1                 
80200392 80200392        0     1                 
80200392 80200392        0     1                 
802003a6 802003a6        0     1                 
802003a6 802003a6        0     1                 
802003ae 802003ae        0     1                 
802003b2 802003b2        0     1                 
802003b6 802003b6        0     1                 
802003c0 802003c0        0     1                 
802003c0 802003c0        0     1                 
802003d4 802003d4        0     1                 
802003d4 802003d4        0     1                 
802003d8 802003d8        0     1                 
802003da 802003da        0     1                 
802003da 802003da        0     1                 
802003de 802003de        0     1                 
802003de 802003de        0     1                 
802003f0 802003f0        0     1                 
802003f0 802003f0        0     1                 
80200404 80200404        0     1                 
80200404 80200404        0     1                 
80200414 80200414        0     1                 
8020041a 8020041a        0     1                 
8020041a 8020041a        0     1                 
80200422 80200422        0     1                 
80200422 80200422        0     1                 
80200434 80200434        0     1                 
80200434 80200434        0     1                 
80200438 80200438        0     1                 
8020043e 8020043e        0     1                 
8020043e 8020043e        0     1                 
80200452 80200452        0     1                 
80200452 80200452        0     1                 
8020045c 8020045c        0     1                 
8020045c 8020045c        0     1                 
80200470 80200470        0     1                 
80200472 80200472        0     1                 
80200472 80200472        0     1                 
80200482 80200482        0     1                 
80200488 80200488        0     1                 
80200488 80200488        0     1                 
80200490 80200490        0     1                 
80200490 80200490        0     1                 
802004a2 802004a2        0     1                 
802004a2 802004a2        0     1                 
802004a6 802004a6        0     1                 
802004ac 802004ac        0     1                 
802004ac 802004ac        0     1                 
802004c0 802004c0        0     1                 
802004c2 802004c2        0     1                 
802004c6 802004c6        0     1                 
802004c6 802004c6        0     1                 
802004ce 802004ce        0     1                 
802004ce 802004ce        0     1                 
802004e0 802004e0        0     1                 
802004e0 802004e0        0     1                 
802004e4 802004e4        0     1                 
802004ec 802004ec        0     1                 
802004ec 802004ec        0     1                 
802004f2 802004f2        0     1                 
802004f2 802004f2        0     1                 
802004fa 802004fa        0     1                 
802004fa 802004fa        0     1                 
8020050c 8020050c        0     1                 
8020050c 8020050c        0     1                 
80200510 80200510        0     1                 
80200516 80200516        0     1                 
80200516 80200516        0     1                 
8020052a 8020052a        0     1                 
8020052a 8020052a        0     1                 
8020052e 8020052e        0     1                 
80200530 80200530        0     1                 
80200530 80200530        0     1                 
80200534 80200534        0     1                 
80200534 80200534        0     1                 
80200546 80200546        0     1                 
80200546 80200546        0     1                 
8020055a 8020055a        0     1                 
8020055a 8020055a        0     1                 
8020055e 8020055e        0     1                 
80200560 80200560        0     1                 
80200560 80200560        0     1                 
80200564 80200564        0     1                 
80200564 80200564        0     1                 
80200576 80200576        0     1                 
80200576 80200576        0     1                 
8020057c 8020057c        0     1                 
8020057e 8020057e        0     1                 
8020057e 8020057e        0     1                 
80200592 80200592        0     1                 
80200592 80200592        0     1                 
80200596 80200596        0     1                 
80200596 80200596        0     1                 
802005a8 802005a8        0     1                 
802005a8 802005a8        0     1                 
802005ac 802005ac        0     1                 
802005ae 802005ae        0     1                 
802005ae 802005ae        0     1                 
802005b8 802005b8        0     1                 
802005b8 802005b8        0     1                 
802005bc 802005bc        0     1                 
802005c0 802005c0        0     1                 
802005ca 802005ca        0     1                 
802005ca 802005ca        0     1                 
802005d2 802005d2        0     1                 
802005dc 802005dc        0     1                 
802005dc 802005dc        0     1                 
802005de 802005de        0     1                 
802005de 802005de        0     1                 
802005e8 802005e8        0     1                 
802005e8 802005e8        0     1                 
802005fc 802005fc        0     1                 
802005fe 802005fe        0     1                 
802005fe 802005fe        0     1                 
802005fe 802005fe        0     1                 
80200600 80200600      200     4         /tmp/common-71fdcf.o:(.text)
80200600 80200600        0     1                 
80200600 80200600        0     1                 
80200600 80200600        0     1                 
80200600 80200600      200     1                 printf
80200602 80200602        0     1                 
8020061c 8020061c        0     1                 
8020062e 8020062e        0     1                 
8020065a 8020065a        0     1                 
8020065e 8020065e        0     1                 
80200660 80200660        0     1                 
80200664 80200664        0     1                 
8020066c 8020066c        0     1                 
80200674 80200674        0     1                 
80200674 80200674        0     1                 
80200676 80200676        0     1                 
80200678 80200678        0     1                 
8020067c 8020067c        0     1                 
8020067e 8020067e        0     1                 
8020068a 8020068a        0     1                 
80200696 80200696        0     1                 
8020069a 8020069a        0     1                 
8020069c 8020069c        0     1                 
802006a2 802006a2        0     1                 
802006aa 802006aa        0     1                 
802006aa 802006aa        0     1                 
802006b4 802006b4        0     1                 
802006b4 802006b4        0     1                 
802006b8 802006b8        0     1                 
802006be 802006be        0     1                 
802006c6 802006c6        0     1                 
802006c6 802006c6        0     1                 
802006ca 802006ca        0     1                 
802006cc 802006cc        0     1                 
802006d2 802006d2        0     1                 
802006da 802006da        0     1                 
802006da 802006da        0     1                 
802006de 802006de        0     1                 
802006e0 802006e0        0     1                 
802006e6 802006e6        0     1                 
802006ee 802006ee        0     1                 
802006ee 802006ee        0     1                 
802006f2 802006f2        0     1                 
802006f4 802006f4        0     1                 
802006fa 802006fa        0     1                 
80200702 80200702        0     1                 
80200702 80200702        0     1                 
80200706 80200706        0     1                 
80200708 80200708        0     1                 
8020070e 8020070e        0     1                 
80200716 80200716        0     1                 
80200716 80200716        0     1                 
8020071a 8020071a        0     1                 
8020071c 8020071c        0     1                 
80200722 80200722        0     1                 
8020072a 8020072a        0     1                 
8020072a 8020072a        0     1                 
8020072e 8020072e        0     1                 
80200730 80200730        0     1                 
80200736 80200736        0     1                 
8020073e 8020073e        0     1                 
8020073e 8020073e        0     1                 
80200742 80200742        0     1                 
80200748 80200748        0     1                 
80200748 80200748        0     1                 
80200750 80200750        0     1                 
80200750 80200750        0     1                 
80200752 80200752        0     1                 
80200754 80200754        0     1                 
80200754 80200754        0     1                 
8020075e 8020075e        0     1                 
80200762 80200762        0     1                 
8020076a 8020076a        0     1                 
80200776 80200776        0     1                 
80200776 80200776        0     1                 
8020077a 8020077a        0     1                 
80200780 80200780        0     1                 
80200780 80200780        0     1                 
8020078c 8020078c        0     1                 
8020078c 8020078c        0     1                 
80200790 80200790        0     1                 
80200792 80200792        0     1                 
80200796 80200796        0     1                 
80200798 80200798        0     1                 
8020079c 8020079c        0     1                 
802007a0 802007a0        0     1                 
802007a4 802007a4        0     1                 
802007a8 802007a8        0     1                 
802007aa 802007aa        0     1                 
802007ae 802007ae        0     1                 
802007b2 802007b2        0     1                 
802007be 802007be        0     1                 
802007be 802007be        0     1                 
802007c6 802007c6        0     1                 
802007cc 802007cc        0     1                 
802007d0 802007d0        0     1                 
802007d6 802007d6        0     1                 
802007e2 802007e2        0     1                 
802007e2 802007e2        0     1                 
80200800 80200800        0     1                 
80200800 80200800        0     1                 
80200800 80200800        0     4 .bss
80200800 80200800        0     1         bss = .
80200800 80200800        0     1         __bss_end = .
80200800 80200800        0     1 . = ALIGN ( 4 )
80200800 80200800    20000     1 . += 128 * 1024
80220800 80220800        0     1 __stack_top = .
       0        0      700     1 .debug_loclists
       0        0      595     1         /tmp/kernel-3d0a9c.o:(.debug_loclists)
       c        c        0     1                 
     595      595      16b     1         /tmp/common-71fdcf.o:(.debug_loclists)
     5a1      5a1        0     1                 
       0        0      227     1 .debug_abbrev
       0        0      16b     1         /tmp/kernel-3d0a9c.o:(.debug_abbrev)
     16b      16b       bc     1         /tmp/common-71fdcf.o:(.debug_abbrev)
       0        0      f44     1 .debug_info
       0        0      e21     1         /tmp/kernel-3d0a9c.o:(.debug_info)
     e21      e21      123     1         /tmp/common-71fdcf.o:(.debug_info)
       0        0       33     1 .debug_rnglists
       0        0       18     1         /tmp/kernel-3d0a9c.o:(.debug_rnglists)
       c        c        0     1                 
      18       18       1b     1         /tmp/common-71fdcf.o:(.debug_rnglists)
      24       24        0     1                 
       0        0      110     1 .debug_str_offsets
       0        0       c0     1         /tmp/kernel-3d0a9c.o:(.debug_str_offsets)
       8        8        0     1                 
      c0       c0       50     1         /tmp/common-71fdcf.o:(.debug_str_offsets)
      c8       c8        0     1                 
       0        0      187     1 .debug_str
       0        0      187     1         <internal>:(.debug_str)
       0        0      100     1 .debug_addr
       0        0       b4     1         /tmp/kernel-3d0a9c.o:(.debug_addr)
       8        8        0     1                 
      b4       b4       4c     1         /tmp/common-71fdcf.o:(.debug_addr)
      bc       bc        0     1                 
       0        0       42     1 .comment
       0        0       42     1         <internal>:(.comment)
       0        0       2b     1 .riscv.attributes
       0        0       2b     1         /tmp/kernel-3d0a9c.o:(.riscv.attributes)
       0        0       d8     4 .debug_frame
       0        0       94     4         /tmp/kernel-3d0a9c.o:(.debug_frame)
       0        0        0     1                 
      94       94       44     4         /tmp/common-71fdcf.o:(.debug_frame)
      94       94        0     1                 
       0        0      631     1 .debug_line
       0        0      36f     1         /tmp/kernel-3d0a9c.o:(.debug_line)
       0        0        0     1                 .Lline_table_start0
     36f      36f      2c2     1         /tmp/common-71fdcf.o:(.debug_line)
     36f      36f        0     1                 .Lline_table_start0
       0        0       2d     1 .debug_line_str
       0        0       2d     1         <internal>:(.debug_line_str)
       0        0     16e0     4 .symtab
       0        0     16e0     4         <internal>:(.symtab)
       0        0       dd     1 .shstrtab
       0        0       dd     1         <internal>:(.shstrtab)
       0        0       8b     1 .strtab
       0        0       8b     1         <internal>:(.strtab)
